{
  "version": "1.5.0",
  "plugins_used": [
    {
      "name": "ArtifactoryDetector"
    },
    {
      "name": "AWSKeyDetector"
    },
    {
      "name": "AzureStorageKeyDetector"
    },
    {
      "name": "Base64HighEntropyString",
      "limit": 4.5
    },
    {
      "name": "BasicAuthDetector"
    },
    {
      "name": "CloudantDetector"
    },
    {
      "name": "DiscordBotTokenDetector"
    },
    {
      "name": "GitHubTokenDetector"
    },
    {
      "name": "GitLabTokenDetector"
    },
    {
      "name": "HexHighEntropyString",
      "limit": 3.0
    },
    {
      "name": "IbmCloudIamDetector"
    },
    {
      "name": "IbmCosHmacDetector"
    },
    {
      "name": "IPPublicDetector"
    },
    {
      "name": "JwtTokenDetector"
    },
    {
      "name": "KeywordDetector",
      "keyword_exclude": ""
    },
    {
      "name": "MailchimpDetector"
    },
    {
      "name": "NpmDetector"
    },
    {
      "name": "OpenAIDetector"
    },
    {
      "name": "PrivateKeyDetector"
    },
    {
      "name": "PypiTokenDetector"
    },
    {
      "name": "SendGridDetector"
    },
    {
      "name": "SlackDetector"
    },
    {
      "name": "SoftlayerDetector"
    },
    {
      "name": "SquareOAuthDetector"
    },
    {
      "name": "StripeDetector"
    },
    {
      "name": "TelegramBotTokenDetector"
    },
    {
      "name": "TwilioKeyDetector"
    }
  ],
  "filters_used": [
    {
      "path": "detect_secrets.filters.allowlist.is_line_allowlisted"
    },
    {
      "path": "detect_secrets.filters.common.is_ignored_due_to_verification_policies",
      "min_level": 2
    },
    {
      "path": "detect_secrets.filters.heuristic.is_indirect_reference"
    },
    {
      "path": "detect_secrets.filters.heuristic.is_likely_id_string"
    },
    {
      "path": "detect_secrets.filters.heuristic.is_lock_file"
    },
    {
      "path": "detect_secrets.filters.heuristic.is_not_alphanumeric_string"
    },
    {
      "path": "detect_secrets.filters.heuristic.is_potential_uuid"
    },
    {
      "path": "detect_secrets.filters.heuristic.is_prefixed_with_dollar_sign"
    },
    {
      "path": "detect_secrets.filters.heuristic.is_sequential_string"
    },
    {
      "path": "detect_secrets.filters.heuristic.is_swagger_file"
    },
    {
      "path": "detect_secrets.filters.heuristic.is_templated_secret"
    }
  ],
  "results": {
    ".env.example": [
      {
        "type": "Basic Auth Credentials",
        "filename": ".env.example",
        "hashed_secret": "9d4e1e23bd5b727046a9e3b4b7db57bd8d6ee684",
        "is_verified": false,
        "line_number": 28
      }
    ],
    "CLAUDE.md": [
      {
        "type": "Secret Keyword",
        "filename": "CLAUDE.md",
        "hashed_secret": "6d9c68c603e465077bdd49c62347fe54717f83a3",
        "is_verified": false,
        "line_number": 1569
      },
      {
        "type": "Secret Keyword",
        "filename": "CLAUDE.md",
        "hashed_secret": "29c32f233d04598b3181c0e27ea0ec7a5c949297",
        "is_verified": false,
        "line_number": 1571
      },
      {
        "type": "Secret Keyword",
        "filename": "CLAUDE.md",
        "hashed_secret": "59db85718c97565baccfdc97399b359640ad2eff",
        "is_verified": false,
        "line_number": 1609
      }
    ],
    "SPEC.md": [
      {
        "type": "Basic Auth Credentials",
        "filename": "SPEC.md",
        "hashed_secret": "9d4e1e23bd5b727046a9e3b4b7db57bd8d6ee684",
        "is_verified": false,
        "line_number": 1425
      },
      {
        "type": "Basic Auth Credentials",
        "filename": "SPEC.md",
        "hashed_secret": "298ae9d400ae5332bf17ce14059c805cce9981e3",
        "is_verified": false,
        "line_number": 1811
      },
      {
        "type": "Secret Keyword",
        "filename": "SPEC.md",
        "hashed_secret": "ec3810e10fb78db55ce38b9c18d1c3eb1db739e0",
        "is_verified": false,
        "line_number": 2301
      },
      {
        "type": "Secret Keyword",
        "filename": "SPEC.md",
        "hashed_secret": "2fd6998c175259e3ffbadccddcca6390ffb1b341",
        "is_verified": false,
        "line_number": 2311
      }
    ],
    "WARP.md": [
      {
        "type": "Secret Keyword",
        "filename": "WARP.md",
        "hashed_secret": "6d9c68c603e465077bdd49c62347fe54717f83a3",
        "is_verified": false,
        "line_number": 1569
      },
      {
        "type": "Secret Keyword",
        "filename": "WARP.md",
        "hashed_secret": "29c32f233d04598b3181c0e27ea0ec7a5c949297",
        "is_verified": false,
        "line_number": 1571
      },
      {
        "type": "Secret Keyword",
        "filename": "WARP.md",
        "hashed_secret": "59db85718c97565baccfdc97399b359640ad2eff",
        "is_verified": false,
        "line_number": 1609
      }
    ],
    "cmd/bifrost/cli/config_test.go": [
      {
        "type": "Secret Keyword",
        "filename": "cmd/bifrost/cli/config_test.go",
        "hashed_secret": "3f753b8527003e560e42ec0047974075b608e729",
        "is_verified": false,
        "line_number": 169
      },
      {
        "type": "Secret Keyword",
        "filename": "cmd/bifrost/cli/config_test.go",
        "hashed_secret": "766a6e8998aefe2117d62c2d48411e43161ffa11",
        "is_verified": false,
        "line_number": 177
      },
      {
        "type": "Secret Keyword",
        "filename": "cmd/bifrost/cli/config_test.go",
        "hashed_secret": "60674642f1ae3083d1794a7f2aa1dcf235eabf64",
        "is_verified": false,
        "line_number": 190
      }
    ],
    "cmd/bifrost/cli/init.go": [
      {
        "type": "Secret Keyword",
        "filename": "cmd/bifrost/cli/init.go",
        "hashed_secret": "ec3810e10fb78db55ce38b9c18d1c3eb1db739e0",
        "is_verified": false,
        "line_number": 38
      },
      {
        "type": "Secret Keyword",
        "filename": "cmd/bifrost/cli/init.go",
        "hashed_secret": "c7a8c334eef5d1749fface7d42c66f9ae5e8cf36",
        "is_verified": false,
        "line_number": 39
      },
      {
        "type": "Basic Auth Credentials",
        "filename": "cmd/bifrost/cli/init.go",
        "hashed_secret": "5baa61e4c9b93f3f0682250b6cf8331b7ee68fd8",
        "is_verified": false,
        "line_number": 51
      }
    ],
    "cmd/bifrost/cli/migrate.go": [
      {
        "type": "Secret Keyword",
        "filename": "cmd/bifrost/cli/migrate.go",
        "hashed_secret": "5baa61e4c9b93f3f0682250b6cf8331b7ee68fd8",
        "is_verified": false,
        "line_number": 276
      }
    ],
    "config/secrets.go": [
      {
        "type": "Secret Keyword",
        "filename": "config/secrets.go",
        "hashed_secret": "44e17306b837162269a410204daaa5ecee4ec22c",
        "is_verified": false,
        "line_number": 198
      }
    ],
    "db/db.go": [
      {
        "type": "Basic Auth Credentials",
        "filename": "db/db.go",
        "hashed_secret": "5baa61e4c9b93f3f0682250b6cf8331b7ee68fd8",
        "is_verified": false,
        "line_number": 101
      }
    ],
    "db/db_test.go": [
      {
        "type": "Secret Keyword",
        "filename": "db/db_test.go",
        "hashed_secret": "206c80413b9a96c1312cc346b7d2517b84463edd",
        "is_verified": false,
        "line_number": 54
      },
      {
        "type": "Secret Keyword",
        "filename": "db/db_test.go",
        "hashed_secret": "58cbf458f16d56fb4234639b3f0fefc7da24d7cc",
        "is_verified": false,
        "line_number": 292
      }
    ],
    "db/migrate.go": [
      {
        "type": "Basic Auth Credentials",
        "filename": "db/migrate.go",
        "hashed_secret": "347cd9c53ff77d41a7b22aa56c7b4efaf54658e3",
        "is_verified": false,
        "line_number": 61
      }
    ],
    "db/migrations/migrate_test.go": [
      {
        "type": "Basic Auth Credentials",
        "filename": "db/migrations/migrate_test.go",
        "hashed_secret": "81f344a7686a80b4c5293e8fdc0b0160c82c06a8",
        "is_verified": false,
        "line_number": 35
      }
    ],
    "docs/adr/ADR-008-Multi-Platform-Deployment.md": [
      {
        "type": "Basic Auth Credentials",
        "filename": "docs/adr/ADR-008-Multi-Platform-Deployment.md",
        "hashed_secret": "298ae9d400ae5332bf17ce14059c805cce9981e3",
        "is_verified": false,
        "line_number": 228
      }
    ],
    "findings/2026-06-19-T21-1-secret-scan-rescan.md": [
      {
        "type": "Base64 High Entropy String",
        "filename": "findings/2026-06-19-T21-1-secret-scan-rescan.md",
        "hashed_secret": "1a9c505c27a3d51d07d5cd60f1cd51dccb1ce4e6",
        "is_verified": false,
        "line_number": 98
      }
    ],
    "findings/2026-06-20-T5A-gitleaks-scan.md": [
      {
        "type": "Secret Keyword",
        "filename": "findings/2026-06-20-T5A-gitleaks-scan.md",
        "hashed_secret": "59db85718c97565baccfdc97399b359640ad2eff",
        "is_verified": false,
        "line_number": 18
      }
    ],
    "findings/2026-06-20-sha-validator.json": [
      {
        "type": "Hex High Entropy String",
        "filename": "findings/2026-06-20-sha-validator.json",
        "hashed_secret": "4f4e7173c9ad6894df1c43f50a09014c75df6c0d",
        "is_verified": false,
        "line_number": 10
      },
      {
        "type": "Hex High Entropy String",
        "filename": "findings/2026-06-20-sha-validator.json",
        "hashed_secret": "c0cbda8b7cf815d256b2d1a09d4650c1a009b648",
        "is_verified": false,
        "line_number": 18
      },
      {
        "type": "Hex High Entropy String",
        "filename": "findings/2026-06-20-sha-validator.json",
        "hashed_secret": "926b0883cb6d9636ae945303bb7a4fafcbc3be9b",
        "is_verified": false,
        "line_number": 26
      },
      {
        "type": "Hex High Entropy String",
        "filename": "findings/2026-06-20-sha-validator.json",
        "hashed_secret": "024f1e3d11eda463f1dfa803c17b818e63a1004b",
        "is_verified": false,
        "line_number": 34
      },
      {
        "type": "Hex High Entropy String",
        "filename": "findings/2026-06-20-sha-validator.json",
        "hashed_secret": "09764606261ff624f87da48f578a64299348162c",
        "is_verified": false,
        "line_number": 42
      },
      {
        "type": "Hex High Entropy String",
        "filename": "findings/2026-06-20-sha-validator.json",
        "hashed_secret": "1ddf500274284b02280102c43e3987997fb7f3e7",
        "is_verified": false,
        "line_number": 58
      },
      {
        "type": "Hex High Entropy String",
        "filename": "findings/2026-06-20-sha-validator.json",
        "hashed_secret": "7572c53b526e55c5fd66207e18c48046838b6608",
        "is_verified": false,
        "line_number": 74
      },
      {
        "type": "Hex High Entropy String",
        "filename": "findings/2026-06-20-sha-validator.json",
        "hashed_secret": "fd63f3b9ce8caf181f4087dbee686d4af4cf6cf9",
        "is_verified": false,
        "line_number": 106
      },
      {
        "type": "Hex High Entropy String",
        "filename": "findings/2026-06-20-sha-validator.json",
        "hashed_secret": "6bd81b897f44af86f6da204fdd0c5191d4c386f9",
        "is_verified": false,
        "line_number": 114
      },
      {
        "type": "Hex High Entropy String",
        "filename": "findings/2026-06-20-sha-validator.json",
        "hashed_secret": "14a0e387bb9a33fe36532bb6d5e00980cf707cd2",
        "is_verified": false,
        "line_number": 154
      }
    ],
    "findings/2026-06-21-V12-T15-security-review.md": [
      {
        "type": "Basic Auth Credentials",
        "filename": "findings/2026-06-21-V12-T15-security-review.md",
        "hashed_secret": "9d4e1e23bd5b727046a9e3b4b7db57bd8d6ee684",
        "is_verified": false,
        "line_number": 175
      }
    ],
    "findings/archived-repo-local-patches/2026-06-20/AuthKit/0004-feat-typescript-absorb-phenotype-auth-ts-into-AuthKi.patch": [
      {
        "type": "Secret Keyword",
        "filename": "findings/archived-repo-local-patches/2026-06-20/AuthKit/0004-feat-typescript-absorb-phenotype-auth-ts-into-AuthKi.patch",
        "hashed_secret": "fe1bae27cb7c1fb823f496f286e78f1d2ae87734",
        "is_verified": false,
        "line_number": 1868
      },
      {
        "type": "Secret Keyword",
        "filename": "findings/archived-repo-local-patches/2026-06-20/AuthKit/0004-feat-typescript-absorb-phenotype-auth-ts-into-AuthKi.patch",
        "hashed_secret": "3d72e107e4732db2d92112f50a9057d99eaf7a25",
        "is_verified": false,
        "line_number": 1887
      },
      {
        "type": "Secret Keyword",
        "filename": "findings/archived-repo-local-patches/2026-06-20/AuthKit/0004-feat-typescript-absorb-phenotype-auth-ts-into-AuthKi.patch",
        "hashed_secret": "03f5e2d670af3e9183f3fe790785b0d41291a17d",
        "is_verified": false,
        "line_number": 2086
      }
    ],
    "infra/redis/client.go": [
      {
        "type": "Basic Auth Credentials",
        "filename": "infra/redis/client.go",
        "hashed_secret": "9d4e1e23bd5b727046a9e3b4b7db57bd8d6ee684",
        "is_verified": false,
        "line_number": 16
      }
    ],
    "pheno-ssot-template/justfile": [
      {
        "type": "Secret Keyword",
        "filename": "pheno-ssot-template/justfile",
        "hashed_secret": "ab0d7a4b82ff641d6dbaaef833e2ba85d8af2dc1",
        "is_verified": false,
        "line_number": 40
      }
    ],
    "services/promptadapter/main.py": [
      {
        "type": "Base64 High Entropy String",
        "filename": "services/promptadapter/main.py",
        "hashed_secret": "49c0144f49b5d4cd45a7a7ec32a7d2a99199e3ac",
        "is_verified": false,
        "line_number": 231
      }
    ],
    "worklogs/2026-06-20-L5-134-v12-wave-merges.json": [
      {
        "type": "Hex High Entropy String",
        "filename": "worklogs/2026-06-20-L5-134-v12-wave-merges.json",
        "hashed_secret": "b3a8aea5ce35f512c6cd7e802e584ea12cfae4fb",
        "is_verified": false,
        "line_number": 11
      }
    ]
  },
  "generated_at": "2026-06-21T09:47:42Z"
}
